$ next build
   ▲ Next.js 15.5.22

   Creating an optimized production build ...
 ✓ Compiled successfully in 65s
   Linting and checking validity of types ...
   Collecting page data ...
   Generating static pages (0/11) ...
   Generating static pages (2/11) 
   Generating static pages (5/11) 
   Generating static pages (8/11) 
 ✓ Generating static pages (11/11)
   Finalizing page optimization ...
   Collecting build traces ...
   Exporting (0/2) ...
Error occurred prerendering page "/404". Read more: https://nextjs.org/docs/messages/prerender-error
[Error [PageNotFoundError]: Cannot find module for page: /404] {
  code: 'ENOENT'
}
Export encountered an error on /404, exiting the build.
 ⨯ Next.js build worker exited with code: 1 and signal: null
[ELIFECYCLE] Command failed with exit code 1.
